app/add-crop.tsx(111,32): error TS2552: Cannot find name 'speechToTextService'. Did you mean 'screenContextService'?
app/add-offer.tsx(130,39): error TS2304: Cannot find name 'supabase'.
app/add-offer.tsx(167,39): error TS2304: Cannot find name 'supabase'.
app/add-offer.tsx(338,14): error TS2304: Cannot find name 'ActivityIndicator'.
app/nearby-buyers.tsx(97,11): error TS1345: An expression of type 'void' cannot be tested for truthiness.
components/bottom-navigation.tsx(150,19): error TS2769: No overload matches this call.
  The last overload gave the following error.
    Object literal may only specify known properties, and 'color' does not exist in type 'Partial<unknown> & Attributes'.
components/bottom-navigation.tsx(163,17): error TS2769: No overload matches this call.
  The last overload gave the following error.
    Object literal may only specify known properties, and 'color' does not exist in type 'Partial<unknown> & Attributes'.
components/parallax-scroll-view.tsx(30,48): error TS2345: Argument of type '() => { transform: ({ translateY: number; scale?: undefined; } | { scale: number; translateY?: undefined; })[]; }' is not assignable to parameter of type '() => DefaultStyle'.
  Type '{ transform: ({ translateY: number; scale?: undefined; } | { scale: number; translateY?: undefined; })[]; }' is not assignable to type 'DefaultStyle'.
    Type '{ transform: ({ translateY: number; scale?: undefined; } | { scale: number; translateY?: undefined; })[]; }' is not assignable to type 'ImageStyle'.
      Types of property 'transform' are incompatible.
        Type '({ translateY: number; scale?: undefined; } | { scale: number; translateY?: undefined; })[]' is not assignable to type 'string | readonly (({ perspective: AnimatableNumericValue; } & { rotate?: never; rotateX?: never; rotateY?: never; rotateZ?: never; scale?: never; scaleX?: never; scaleY?: never; ... 4 more ...; matrix?: never; }) | ... 11 more ... | ({ ...; } & { ...; }))[]'.
          Type '({ translateY: number; scale?: undefined; } | { scale: number; translateY?: undefined; })[]' is not assignable to type 'readonly (({ perspective: AnimatableNumericValue; } & { rotate?: never; rotateX?: never; rotateY?: never; rotateZ?: never; scale?: never; scaleX?: never; scaleY?: never; translateX?: never; translateY?: never; skewX?: never; skewY?: never; matrix?: never; }) | ... 11 more ... | ({ ...; } & { ...; }))[]'.
            Type '{ translateY: number; scale?: undefined; } | { scale: number; translateY?: undefined; }' is not assignable to type '({ perspective: AnimatableNumericValue; } & { rotate?: never; rotateX?: never; rotateY?: never; rotateZ?: never; scale?: never; scaleX?: never; scaleY?: never; translateX?: never; translateY?: never; skewX?: never; skewY?: never; matrix?: never; }) | ... 11 more ... | ({ ...; } & { ...; })'.
              Type '{ translateY: number; scale?: undefined; }' is not assignable to type '({ perspective: AnimatableNumericValue; } & { rotate?: never; rotateX?: never; rotateY?: never; rotateZ?: never; scale?: never; scaleX?: never; scaleY?: never; translateX?: never; translateY?: never; skewX?: never; skewY?: never; matrix?: never; }) | ... 11 more ... | ({ ...; } & { ...; })'.
                Type '{ translateY: number; scale?: undefined; }' is not assignable to type '{ matrix: AnimatableNumericValue[]; } & { perspective?: never; rotate?: never; rotateX?: never; rotateY?: never; rotateZ?: never; scale?: never; scaleX?: never; scaleY?: never; translateX?: never; translateY?: never; skewX?: never; skewY?: never; }'.
                  Property 'matrix' is missing in type '{ translateY: number; scale?: undefined; }' but required in type '{ matrix: AnimatableNumericValue[]; }'.
components/VoiceAgentChat.tsx(167,56): error TS2339: Property 'startWebSpeechRecognition' does not exist on type 'SpeechToTextService'.
i18n/config.ts(46,5): error TS2769: No overload matches this call.
  Overload 1 of 2, '(callback?: Callback): Promise<TFunction<"translation", undefined>>', gave the following error.
    Object literal may only specify known properties, and 'compatibilityJSON' does not exist in type 'Callback'.
  Overload 2 of 2, '(options: InitOptions<unknown>, callback?: Callback): Promise<TFunction<"translation", undefined>>', gave the following error.
    Type '"v3"' is not assignable to type '"v4"'.
services/ai-matching-service.ts(12,26): error TS2307: Cannot find module '@/lib/supabase' or its corresponding type declarations.
services/analytics-service.ts(7,26): error TS2307: Cannot find module '@/lib/supabase' or its corresponding type declarations.
services/image-upload-service.ts(33,30): error TS2339: Property 'EncodingType' does not exist on type 'typeof import("C:/pmf safe folder/plot-my-farm/node_modules/expo-file-system/build/index")'.
services/language-detection-service.ts(75,23): error TS2339: Property 'coords' does not exist on type 'LocationData'.
services/language-detection-service.ts(76,23): error TS2339: Property 'coords' does not exist on type 'LocationData'.
services/language-detection-service.ts(81,18): error TS2339: Property 'coords' does not exist on type 'LocationData'.
services/language-detection-service.ts(82,18): error TS2339: Property 'coords' does not exist on type 'LocationData'.
services/language-detection-service.ts(88,55): error TS2339: Property 'state' does not exist on type 'LocationAddress'.
services/language-detection-service.ts(149,7): error TS2353: Object literal may only specify known properties, and 'null' does not exist in type '{ en: string; te: string; hi: string; ta: string; kn: string; }'.
services/offline-map-service.ts(108,19): error TS2339: Property 'state' does not exist on type 'OfflinePack'.
services/offline-map-service.ts(109,24): error TS2339: Property 'percentage' does not exist on type 'OfflinePack'.
services/offline-map-service.ts(110,36): error TS2339: Property 'completedResourceCount' does not exist on type 'OfflinePack'.
services/offline-map-service.ts(111,35): error TS2339: Property 'completedResourceSize' does not exist on type 'OfflinePack'.
services/offline-map-service.ts(112,32): error TS2339: Property 'completedTileCount' does not exist on type 'OfflinePack'.
services/offline-map-service.ts(113,35): error TS2339: Property 'requiredResourceCount' does not exist on type 'OfflinePack'.
services/offline-map-service.ts(153,37): error TS2339: Property 'pausePackDownload' does not exist on type 'OfflineManager'.
services/offline-map-service.ts(166,37): error TS2339: Property 'resumePackDownload' does not exist on type 'OfflineManager'.
services/route-service.ts(7,26): error TS2307: Cannot find module '@/lib/supabase' or its corresponding type declarations.
utils/weather-utils.ts(46,19): error TS2339: Property 'state' does not exist on type 'LocationAddress'.
web/main.tsx(14,23): error TS2339: Property 'context' does not exist on type 'NodeRequire'.
web/main.tsx(35,17): error TS2339: Property 'hot' does not exist on type 'ImportMeta'.
web/main.tsx(36,15): error TS2339: Property 'hot' does not exist on type 'ImportMeta'.
